
****************************************************************
****************************************************************
**                                                            **
**                                                            **
**        CCC     OO      SSS    M    M     OO      SSS       **
**       C       O  O    S       MM  MM    O  O    S          **
**       C       O  O     SS     M MM M    O  O     SS        **
**       C       O  O       S    M    M    O  O       S       **
**        CCC     OO     SSS     M    M     OO     SSS        **
**                                                            **
**                                                            **
**             SOLIDWORKS Simulation 2025 - SP5               **
**                 Simulation Premium Package                 **
**           Distributed By: SOLIDWORKS Corporation           **
**               21255 Burbank Blvd Suite 400                 **
**               Woodland Hills, California 91367             **
**               Telephone Number (774)556-3100               **
**         Copyright 1988-2018 SOLIDWORKS Corporation         **
**                                                            **
****************************************************************
****************************************************************

Problem name: C:\Users\crafa\OneDrive\Desktop\Steering
Date        : 02/28/2026     Time:   12:08:15


 SYSTEM OF UNITS:
 International System of Units, SI, is used for all input/output data.
 Common Quantities:
 Length:meter, Mass:kilogram, Time:second, Temperature:kelvin
 Force:newton, Pressure also stress:pascal, Energy:joule, Power:watt

 NUMBER OF PHYSICAL CORES USED TO RUN SIMULATION:  0

  C O N T R O L  I N F O R M A T I O N                  

   CURRENT RESTRAINT SET . . . . . . . . . . . (BC_SET)  =           1

   NUMBER OF LOAD CASES  . . . . . . . . . . . (NLCASE)  =           1
   SOLUTION MODE . . . . . . . . . . . . . . . (MODEX)   =           0
      EQ. 0, STATIC ANALYSIS                              
      EQ. 1, BUCKLING ANALYSIS                            
      EQ. 2, DYNAMIC ANALYSIS                             
      EQ. 3, DROP TEST                                    

   SOLVER TYPE . . . . . . . . . . . . . . . . .(ISOL)   =           2
      EQ. 0, DIRECT SPARSE SOLVER                         
      EQ. 1, DIRECT SKYLINE SOLVER                        
      EQ. 2, ITERATIVE SOLVER                             
      EQ. 3, EXPLICIT INTEGRATION                         
      EQ. 4, LARGE PROBLEM DIRECT SPARSE SOLVER           
      EQ. 5, INTEL DIRECT SPARSE SOLVER                   
      EQ. 6, INTEL NETWORK SPARSE SOLVER                  
      EQ. 7, SINGULAR VALUE DECOMPOSTION (SVD)            

   ITERATIVE SOLUTION MODE . . . . . . . . . . (IMODE)   =           1
      EQ. 1, GENERAL                                      
      EQ. 2, MEMORY SAVER (FOR TETRA10)                   
      EQ. 3, ULTRA-MEMORY SAVER (FOR TETRA10)             

   SOLVER CONVERGENCE TOLERANCE  . . . . . . . (CONVR)   =   0.100E-03

   THERMAL LOADING FLAG . . . . . . . . . . . .(ITHERM)  =           0
      EQ. 0, NO THERMAL EFFECTS CONSIDERED                
      EQ. 1, ADD TEMPERATURE EFFECT                       
   GRAVITY LOADING FLAG . . . . . . . . . . . .(IGRAV)   =           0
      EQ. 0, NO GRAVITY LOADING CONSIDERED                
      EQ. 1, ADD GRAVITY LOADING EFFECT                   
   CENTRIFUGAL LOADING FLAG . . . . . . . . . .(ICNTRF)  =           0
      EQ. 0, NO CENTRIFUGAL LOADING CONSIDERED            
      EQ. 1, ADD CENTRIFUGAL LOADING EFFECT               
   IN-PLANE STIFFENING FLAG . . . . . . . . . .(INPLN)   =           0
      EQ. 0, NO IN-PLANE EFFECTS CONSIDERED               
      EQ. 1, IN-PLANE EFFECTS CONSIDERED                  
   SOFT SPRING ADDITION FLAG . . . . . . . . . (ISOFT)   =           1
      EQ. 0, NO SOFT SPRING OPTION                        
      EQ. 1, SOFT SPRING ADDED                            

   SAVE DECOMPOSED STIFFNESS MATRIX FLAG . . . (ISAVK)   =           0
      EQ. 0, DO NOT SAVE DECOMPOSED K                     
      EQ. 1, SAVE DECOMPOSED K                            
   FORM STIFFNESS MATRIX FLAG . . . . . . . . .(IFORMK)  =           0
      EQ. 0, FORM STIFFNESS MATRIX                        
      EQ. 1, USE EXISTING DECOMPOSED STIFFNESS MATRIX     

   SPIN SOFTENING FLAG . . . . . . . . . . . . (ISPIN)   =           0
      EQ. 0, NO SPIN SOFTENING EFFECTS CONSIDERED         
      EQ. 1, SPIN SOFTENING EFFECTS CONSIDERED            
   INERTIA RELIEF FLAG  . . . . . . . . . . . .(IFORMK)  =           0
      EQ. 0, NO INERITA RELIEF EFFECTS CONSIDERED         
      EQ. 1, INERITA RELIEF EFFECTS CONSIDERED            
   RIGID CONNECTIONS FLAG  . . . . . . . . . . (IRIGID)  =           0
      EQ. 0, HINGE CONNECTIONS BETWEEN SOLIDS & SHELLS    
      EQ. 1, RIGID CONNECTIONS BETWEEN SOLIDS & SHELLS    


  T O T A L  S Y S T E M  D A T A                        
   NUMBER OF EQUATIONS . . . . . . . . . . . . . .(NEQ)  =     2489274
   NUMBER OF ELEMENTS. . . . . . . . . . . . . . .(NUME) =      654676
   NUMBER OF NODAL POINTS. . . . . . . . . . . . .(NUMNP)=      826917

  I N T E R A C T I O N  D A T A                         
   SURFACE-TO-SURFACE BONDING ALGORITHM . . . .(INTRBALG)=           1
      EQ. 0, STANDARD                                     
      EQ. 1, ADVANCED                                     




************************************************************************
    D I S P L A C E M E N T     P R I N T O U T    (LOAD CASE     1)
************************************************************************




************************************************************************
    D I S P L A C E M E N T     P R I N T O U T    (LOAD CASE     1)
************************************************************************


  STATUS OF THERMAL EFFECTS FOR THIS LOAD CASE:
  ---------------------------------------------

    - Thermal flag is off (no thermal effect)


   NUMBER OF PARTS  . . . . . . . . . . . . .  (NPARTS)  =           9




  S O L U T I O N   T I M E   l O G   (In Second)

  Input Phase and Contact/Bond/Connector set up .......=   29.9
  Stiffness + Contact + Connectors Computation  .......=   15.1
  SVD Solver ..........................................=    0.0
  Re-organization of Modeshapes .......................=    0.0

  TOTAL SOLUTION ......................................=   93.5




************************************************************************
    D I S P L A C E M E N T     P R I N T O U T    (LOAD CASE     1)
************************************************************************




************************************************************************
    D I S P L A C E M E N T     P R I N T O U T    (LOAD CASE     1)
************************************************************************


  STATUS OF THERMAL EFFECTS FOR THIS LOAD CASE:
  ---------------------------------------------

    - Thermal flag is off (no thermal effect)


  
  
 **** FOR BOLT NUMBER (at Bolt Head):           1 ****
 Forces (axial,transverse):    13634.38          6.980539    
 Bending moment:              5.5314455E-02
  
  
 Direction of axial force
  -1.00000000000000       0.000000000000000E+000  0.000000000000000E+000
 Direction of shear force
  0.000000000000000E+000  0.973199180344062       0.229963813191656     
 Direction of bending moment
  0.000000000000000E+000 -0.486028943377074       0.873942713339819     
  
  
 **** FOR BOLT NUMBER (at Bolt Head):           2 ****
 Forces (axial,transverse):    13634.39          6.390121    
 Bending moment:              5.0496209E-02
  
  
 Direction of axial force
  -1.00000000000000       0.000000000000000E+000  0.000000000000000E+000
 Direction of shear force
  0.000000000000000E+000  0.977035729943427      -0.213075532180291     
 Direction of bending moment
  0.000000000000000E+000  0.505962680558578       0.862555369748504     
  
  
 **** FOR BOLT NUMBER (at Bolt Head):           3 ****
 Forces (axial,transverse):    13639.71          6.542277    
 Bending moment:              4.5053050E-02
  
  
 Direction of axial force
   1.00000000000000       0.000000000000000E+000  0.000000000000000E+000
 Direction of shear force
  0.000000000000000E+000 -0.982666278781255       0.185383344845758     
 Direction of bending moment
  0.000000000000000E+000 -4.477025712020562E-002  0.998997309344420     
  
  
 **** FOR BOLT NUMBER (at Bolt Head):           4 ****
 Forces (axial,transverse):    13639.64          6.003041    
 Bending moment:              4.0427525E-02
  
  
 Direction of axial force
   1.00000000000000       0.000000000000000E+000  0.000000000000000E+000
 Direction of shear force
  0.000000000000000E+000 -0.981703360401507      -0.190416680404814     
 Direction of bending moment
  0.000000000000000E+000  5.096671625266323E-002  0.998700352375236     

             D I S P L A C E M E N T S

     NODE X-DISPL.     Y-DISPL.     Z-DISPL.     XX-ROT.      YY-ROT.      ZZ-ROT.


 MINIMUM/MAXIMUM DISPLACEMENTS

  NODE      3179         7986         5659            1         9510        12378
  MIN.  -2.91028E-03 -8.73203E-05 -1.06026E-04   0.0000     -5.18822E-06 -2.84203E-03

  NODE      8682         8918         5970         9967         9456       826902
  MAX.   1.02737E-04  3.80995E-04  1.05019E-04  2.13638E-06  4.96319E-06   0.0000    

 MAXIMUM RESULTANT DISPLACEMENT

  NODE      3179
  MAX.   2.91403E-03




********************************************************************************
         R E A C T I O N   F O R C E   F O R   LOAD CASE NO.  1
********************************************************************************

    NODE CSYS    Fx         Fy         Fz         Mx         My         Mz
  
  
 **** Local absolute loads values for pin number:          12 ****
 Pin Joint Number            1
 Forces (axial,transverse):    551.7168          919.6409    
 Moments(torque,bending):     2.0153210E-02      33.48717    
  
 Pin Joint Number            2
 Forces (axial,transverse):    551.7168          919.6409    
 Moments(torque,bending):     2.0153210E-02      22.36812    
  
 Pin Joint Number            3
 Forces (axial,transverse):    108.1739          1354.723    
 Moments(torque,bending):     1.9542934E-02      64.71375    
  
 Pin Joint Number            4
 Forces (axial,transverse):    800.5664          1835.090    
 Moments(torque,bending):     1.2659172E-03      22.37070    
  
 Pin Joint Number            5
 Forces (axial,transverse):    800.5664          1835.090    
 Moments(torque,bending):     1.2659172E-03     0.1631351    
  

 FOR REQUESTED                 (Global Cartesian Coord. System)
    NODES         FX         FY         FZ         MX         MY         MZ
 Total React. 0.4000E+03 -.4020E+04 -.3672E-03 0.0000E+00 0.0000E+00 0.0000E+00
  



********************************************************************************
 MAXIMUM NODAL VON MISES STRESS & ERROR ESTIMATE FOR LOAD CASE   1
********************************************************************************

  NODE    377431
  MAX.     0.34570E+09



   E R R O R    E S T I M A T I O N
   (for requested elements)

   Total Strain Energy (TSE)        =  0.938883E+00
   Total Error Energy (TEE)         =  0.510405E-01
   Ave. Percentage Error (APE)      =  0.162672E+02
     ( APE =  sqrt (TEE/(TSE*2. + TEE)) * 100. )

   SOLVER TYPE ACTUALLY USED . . . . . . . . . .(FISOL)  =           4
      EQ. 0, DIRECT SPARSE SOLVER                         
      EQ. 1, DIRECT SKYLINE SOLVER                        
      EQ. 2, ITERATIVE SOLVER                             
      EQ. 3, EXPLICIT INTEGRATION                         
      EQ. 4, LARGE PROBLEM DIRECT SPARSE SOLVER           
      EQ. 5, INTEL DIRECT SPARSE SOLVER                   
      EQ. 6, INTEL NETWORK SPARSE SOLVER                  


  S O L U T I O N   T I M E   L O G   I N   S E C
            FOR PROBLEM
     TIME FOR INPUT PHASE  . . . . . . . . . . . . . . =      29
     TIME FOR CALCULATION OF STRUCTURE STIFFNESS MATRIX=      28
     TIME FOR FFEPLUS (PCG ITERATIVE) SOLVER . . . . . =    1272
     TIME FOR AL CONTACT (AND/OR LARGE DISP) OPERATIONS=       0
     TIME FOR REACTION FORCE & DISP UPDATE TO POST . . =      25
     TIME FOR STRESS CALCULATION . . . . . . . . . . . =       2
     TIME FOR LOAD CASE SOLUTIONS  . . . . . . . . . . =       0
      T O T A L   S O L U T I O N   T I M E  . . . . . =     773



T O T A L   S O L U T I O N   T I M E (sec) . . . . =     773
   MAXIMUM MEMORY USED IN MEGABYTES . . . . . . (MAXMB)  =        6201

